[pepekingprawn.vip/index.html]
[pepekingprawn.vip/xmlrpc.php]
[backblue.gif]
[fade.gif]
[index.html]
[pepekingprawn.vip/wp-content/cache/min/1/wp-content/themes/Divi/style-static.min172e.css]
[pepekingprawn.vip/feed/index.html]
[pepekingprawn.vip/wp-content/themes/Divi-child99/style4bbe.css]
[pepekingprawn.vip/wp-includes/js/jquery/jquery.minf43b.js]
[pepekingprawn.vip/comments/feed/index.html]
[pepekingprawn.vip/dog/feed/index.html]
[pepekingprawn.vip/wp-includes/js/jquery/jquery-migrate.min5589.js]
[pepekingprawn.vip/wp-json/index.html]
[pepekingprawn.vip/wp-json/wp/v2/pages/2.json]
[pepekingprawn.vip/xmlrpc0db0.php]
[pepekingprawn.vip/wp-json/oembed/1.0/embed638f.json]
[pepekingprawn.vip/wp-json/oembed/1.0/embed5c15]
[pepekingprawn.vip/wp-content/uploads/2023/09/cropped-pepe-king-icon.png]
[pepekingprawn.vip/wp-content/uploads/2023/09/cropped-pepe-king-icon-32x32.png]
[pepekingprawn.vip/wp-content/uploads/2023/09/cropped-pepe-king-icon-192x192.png]
[pepekingprawn.vip/wp-content/uploads/2023/09/cropped-pepe-king-icon-180x180.png]
[pepekingprawn.vip/wp-content/uploads/2023/09/pepe32-logo-new.png]
[pepekingprawn.vip/wp-content/uploads/2023/09/yt-overlay.webp]
[pepekingprawn.vip/wp-content/uploads/2023/09/kucoin.webp]
[pepekingprawn.vip/wp-content/uploads/2023/09/Binance.webp]
[pepekingprawn.vip/wp-content/uploads/2023/09/huobi.webp]
[pepekingprawn.vip/wp-content/uploads/2023/09/mexc.webp]
[pepekingprawn.vip/wp-content/uploads/2023/09/okx.webp]
[pepekingprawn.vip/wp-content/uploads/2023/09/bitget.webp]
[pepekingprawn.vip/wp-content/uploads/2023/09/app-ascendex-logo-29px.png]
[pepekingprawn.vip/wp-content/uploads/2023/09/crypto-com.webp]
[pepekingprawn.vip/wp-content/uploads/2023/09/ByBit.webp]
[pepekingprawn.vip/wp-content/uploads/2023/09/billhighlight-jpg.jpg]
[pepekingprawn.vip/wp-content/uploads/2023/09/p3.webp]
[pepekingprawn.vip/wp-content/uploads/2023/09/pepes.jpg]
[pepekingprawn.vip/wp-content/uploads/2023/09/p1.webp]
[pepekingprawn.vip/wp-content/uploads/2023/09/p2.webp]
[pepekingprawn.vip/wp-content/uploads/2023/09/p4.webp]
[pepekingprawn.vip/wp-content/uploads/2023/09/bobosearch.png]
[pepekingprawn.vip/wp-content/uploads/2023/09/pepe-with-red-cap-btc.webp]
[pepekingprawn.vip/wp-content/uploads/2023/09/logo-new.png]
[pepekingprawn.vip/wp-content/uploads/2023/09/cryptowallet-139a.png]
[pepekingprawn.vip/wp-content/uploads/2023/09/ethereum-139px.png]
[pepekingprawn.vip/wp-content/uploads/2023/09/uniswap-139.png]
[pepekingprawn.vip/app.uniswap.org]
[pepekingprawn.vip/wp-content/uploads/2023/09/transfer.png]
[pepekingprawn.vip/wp-content/uploads/2023/09/pepe1.png]
[pepekingprawn.vip/wp-content/uploads/2023/09/pie-chart.png]
[pepekingprawn.vip/wp-content/uploads/2023/09/gagaassault-700px.webp]
[pepekingprawn.vip/wp-content/uploads/2023/09/muppetmatt.png]
[pepekingprawn.vip/wp-content/uploads/2023/09/telegram.png]
[pepekingprawn.vip/wp-content/uploads/2023/09/x-logo.png]
[pepekingprawn.vip/wp-content/uploads/2023/09/medium.png]
[pepekingprawn.vip/wp-content/uploads/2023/09/dextools-logo.png]
[pepekingprawn.vip/wp-content/uploads/2023/09/email.png]
[pepekingprawn.vip/wp-content/themes/Divi/js/scripts.min4bbe.js]
[pepekingprawn.vip/wp-content/cache/min/1/wp-content/themes/Divi/js/smoothscroll172e.js]
[pepekingprawn.vip/wp-content/cache/min/1/wp-content/themes/Divi/core/admin/js/common172e.js]
[pepekingprawn.vip/wp-content/cache/min/1/wp-content/themes/Divi/includes/builder/feature/dynamic-assets/assets/js/jquery.fitvids172e.js]
[pepekingprawn.vip/wp-content/cache/min/1/wp-content/themes/Divi/includes/builder/feature/dynamic-assets/assets/js/sticky-elements172e.js]
[pepekingprawn.vip/wp-content/uploads/2023/09/crown2.png]
[pepekingprawn.vip/index.html]
[pepekingprawn.vip/xmlrpc.html]
[pepekingprawn.vip/wp-content/themes/Divi/includes/builder/styles/images/preloader.gif]
[pepekingprawn.vip/wp-content/themes/Divi/core/admin/fonts/modules/all/modules.eot]
[pepekingprawn.vip/wp-content/themes/Divi/core/admin/fonts/modules/all/modulesd41d.eot]
[pepekingprawn.vip/wp-content/themes/Divi/core/admin/fonts/modules/all/modules.woff]
[pepekingprawn.vip/wp-content/themes/Divi/core/admin/fonts/modules/all/modules.ttf]
[pepekingprawn.vip/wp-content/themes/Divi/core/admin/fonts/modules/all/modules.svg]
[pepekingprawn.vip/wp-content/themes/Divi/core/admin/fonts/fontawesome/fa-regular-400.eot]
[pepekingprawn.vip/wp-content/themes/Divi/core/admin/fonts/fontawesome/fa-regular-400d41d.eot]
[pepekingprawn.vip/wp-content/themes/Divi/core/admin/fonts/fontawesome/fa-regular-400.woff2]
[pepekingprawn.vip/wp-content/themes/Divi/core/admin/fonts/fontawesome/fa-regular-400.woff]
[pepekingprawn.vip/wp-content/themes/Divi/core/admin/fonts/fontawesome/fa-regular-400.ttf]
[pepekingprawn.vip/wp-content/themes/Divi/core/admin/fonts/fontawesome/fa-regular-400.svg]
[pepekingprawn.vip/wp-content/themes/Divi/core/admin/fonts/fontawesome/fa-solid-900.eot]
[pepekingprawn.vip/wp-content/themes/Divi/core/admin/fonts/fontawesome/fa-solid-900d41d.eot]
[pepekingprawn.vip/wp-content/themes/Divi/core/admin/fonts/fontawesome/fa-solid-900.woff2]
[pepekingprawn.vip/wp-content/themes/Divi/core/admin/fonts/fontawesome/fa-solid-900.woff]
[pepekingprawn.vip/wp-content/themes/Divi/core/admin/fonts/fontawesome/fa-solid-900.ttf]
[pepekingprawn.vip/wp-content/themes/Divi/core/admin/fonts/fontawesome/fa-solid-900.svg]
[pepekingprawn.vip/wp-content/themes/Divi/core/admin/fonts/fontawesome/fa-brands-400.eot]
[pepekingprawn.vip/wp-content/themes/Divi/core/admin/fonts/fontawesome/fa-brands-400d41d.eot]
[pepekingprawn.vip/wp-content/themes/Divi/core/admin/fonts/fontawesome/fa-brands-400.woff2]
[pepekingprawn.vip/wp-content/themes/Divi/core/admin/fonts/fontawesome/fa-brands-400.woff]
[pepekingprawn.vip/wp-content/themes/Divi/core/admin/fonts/fontawesome/fa-brands-400.ttf]
[pepekingprawn.vip/wp-content/themes/Divi/core/admin/fonts/fontawesome/fa-brands-400.svg]
[pepekingprawn.vip/wp-content/themes/Divi/includes/builder/styles/images/subscribe-loader.gif]
[pepekingprawn.vip/wp-content/cache/min/1/wp-content/themes/Divi/style-static.min172e.css]
[pepekingprawn.vip/wp-content/themes/Divi-child99/style4bbe.css]
[pepekingprawn.vip/xmlrpc0db0.html]
[pepekingprawn.vip/app.uniswap.html]
[pepekingprawn.vip/wp-content/themes/Divi/core/admin/fonts/modules/all/modules.svg]
[pepekingprawn.vip/wp-content/themes/Divi/core/admin/fonts/fontawesome/fa-regular-400.svg]
[pepekingprawn.vip/wp-content/themes/Divi/core/admin/fonts/fontawesome/fa-solid-900.svg]
[pepekingprawn.vip/wp-content/themes/Divi/core/admin/fonts/fontawesome/fa-brands-400.svg]
